// Jest Snapshot v1, https://goo.gl/fbAQLP

exports[`should render LoginPage correctly 1`] = `
<div
  className="box-layout"
>
  <div
    className="box-layout__box"
  >
    <h1
      className="box-layout__title"
    >
      Stock info
    </h1>
    <p>
      Be up to date with your stocks!
    </p>
    <button
      className="button"
      onClick={[Function]}
    >
      Login
    </button>
  </div>
</div>
`;
